---
http_interactions:
- request:
    method: get
    uri: http://localhost:8000/api/v1/fee-schemes/?case_date=2018-01-01&supplier_type=ADVOCATE
    body:
      encoding: US-ASCII
      string: ''
    headers:
      Accept:
      - application/json
      User-Agent:
      - laa-fee-calculator-client/0.1.0
      Accept-Encoding:
      - gzip;q=1.0,deflate;q=0.6,identity;q=0.3
  response:
    status:
      code: 200
      message: OK
    headers:
      Date:
      - Tue, 19 Jun 2018 11:44:09 GMT
      Server:
      - WSGIServer/0.2 CPython/3.6.4
      Content-Type:
      - application/json
      Vary:
      - Accept, Cookie
      Allow:
      - GET, HEAD, OPTIONS
      X-Frame-Options:
      - SAMEORIGIN
      Content-Length:
      - '163'
    body:
      encoding: UTF-8
      string: '{"count":1,"next":null,"previous":null,"results":[{"id":1,"start_date":"2012-04-01","end_date":null,"supplier_type":"ADVOCATE","description":"AGFS
        Fee Scheme 9"}]}'
    http_version: 
  recorded_at: Tue, 19 Jun 2018 11:44:09 GMT
- request:
    method: get
    uri: http://localhost:8000/api/v1/fee-schemes/1/calculate/?advocate_type=JRALONE&day=1&fee_type_code=AGFS_APPEAL_CON&number_of_cases=1&number_of_defendants=1&offence_class=E&scenario=5
    body:
      encoding: US-ASCII
      string: ''
    headers:
      Accept:
      - application/json
      User-Agent:
      - laa-fee-calculator-client/0.1.0
      Accept-Encoding:
      - gzip;q=1.0,deflate;q=0.6,identity;q=0.3
  response:
    status:
      code: 200
      message: OK
    headers:
      Date:
      - Tue, 19 Jun 2018 11:44:09 GMT
      Server:
      - WSGIServer/0.2 CPython/3.6.4
      Content-Type:
      - application/json
      Vary:
      - Accept, Cookie
      Allow:
      - GET
      X-Frame-Options:
      - SAMEORIGIN
      Content-Length:
      - '16'
    body:
      encoding: UTF-8
      string: '{"amount":130.0}'
    http_version: 
  recorded_at: Tue, 19 Jun 2018 11:44:09 GMT
- request:
    method: get
    uri: http://localhost:8000/api/v1/fee-schemes/1/calculate/?advocate_type=LEDJR&day=1&fee_type_code=AGFS_APPEAL_CON&number_of_cases=1&number_of_defendants=1&offence_class=E&scenario=5
    body:
      encoding: US-ASCII
      string: ''
    headers:
      Accept:
      - application/json
      User-Agent:
      - laa-fee-calculator-client/0.1.0
      Accept-Encoding:
      - gzip;q=1.0,deflate;q=0.6,identity;q=0.3
  response:
    status:
      code: 200
      message: OK
    headers:
      Date:
      - Tue, 19 Jun 2018 11:44:09 GMT
      Server:
      - WSGIServer/0.2 CPython/3.6.4
      Content-Type:
      - application/json
      Vary:
      - Accept, Cookie
      Allow:
      - GET
      X-Frame-Options:
      - SAMEORIGIN
      Content-Length:
      - '16'
    body:
      encoding: UTF-8
      string: '{"amount":130.0}'
    http_version: 
  recorded_at: Tue, 19 Jun 2018 11:44:09 GMT
- request:
    method: get
    uri: http://localhost:8000/api/v1/fee-schemes/1/calculate/?advocate_type=LEADJR&day=1&fee_type_code=AGFS_APPEAL_CON&number_of_cases=1&number_of_defendants=1&offence_class=E&scenario=5
    body:
      encoding: US-ASCII
      string: ''
    headers:
      Accept:
      - application/json
      User-Agent:
      - laa-fee-calculator-client/0.1.0
      Accept-Encoding:
      - gzip;q=1.0,deflate;q=0.6,identity;q=0.3
  response:
    status:
      code: 200
      message: OK
    headers:
      Date:
      - Tue, 19 Jun 2018 11:44:09 GMT
      Server:
      - WSGIServer/0.2 CPython/3.6.4
      Content-Type:
      - application/json
      Vary:
      - Accept, Cookie
      Allow:
      - GET
      X-Frame-Options:
      - SAMEORIGIN
      Content-Length:
      - '16'
    body:
      encoding: UTF-8
      string: '{"amount":195.0}'
    http_version: 
  recorded_at: Tue, 19 Jun 2018 11:44:09 GMT
- request:
    method: get
    uri: http://localhost:8000/api/v1/fee-schemes/1/calculate/?advocate_type=QC&day=1&fee_type_code=AGFS_APPEAL_CON&number_of_cases=1&number_of_defendants=1&offence_class=E&scenario=5
    body:
      encoding: US-ASCII
      string: ''
    headers:
      Accept:
      - application/json
      User-Agent:
      - laa-fee-calculator-client/0.1.0
      Accept-Encoding:
      - gzip;q=1.0,deflate;q=0.6,identity;q=0.3
  response:
    status:
      code: 200
      message: OK
    headers:
      Date:
      - Tue, 19 Jun 2018 11:44:09 GMT
      Server:
      - WSGIServer/0.2 CPython/3.6.4
      Content-Type:
      - application/json
      Vary:
      - Accept, Cookie
      Allow:
      - GET
      X-Frame-Options:
      - SAMEORIGIN
      Content-Length:
      - '16'
    body:
      encoding: UTF-8
      string: '{"amount":260.0}'
    http_version: 
  recorded_at: Tue, 19 Jun 2018 11:44:09 GMT
- request:
    method: get
    uri: http://localhost:8000/api/v1/fee-schemes/1/calculate/?advocate_type=INVALID&day=1&fee_type_code=AGFS_APPEAL_CON&number_of_cases=1&number_of_defendants=1&offence_class=E&scenario=5
    body:
      encoding: US-ASCII
      string: ''
    headers:
      Accept:
      - application/json
      User-Agent:
      - laa-fee-calculator-client/0.1.0
      Accept-Encoding:
      - gzip;q=1.0,deflate;q=0.6,identity;q=0.3
  response:
    status:
      code: 400
      message: Bad Request
    headers:
      Date:
      - Tue, 19 Jun 2018 11:44:09 GMT
      Server:
      - WSGIServer/0.2 CPython/3.6.4
      Content-Type:
      - application/json
      Vary:
      - Accept, Cookie
      Allow:
      - GET
      X-Frame-Options:
      - SAMEORIGIN
      Content-Length:
      - '41'
    body:
      encoding: UTF-8
      string: '["`INVALID` is not a valid AdvocateType"]'
    http_version: 
  recorded_at: Tue, 19 Jun 2018 11:44:09 GMT
- request:
    method: get
    uri: http://localhost:8000/api/v1/fee-schemes/1/calculate/?advocate_type=JRALONE&day=30&fee_type_code=AGFS_APPEAL_CON&number_of_cases=1&number_of_defendants=1&offence_class=E&scenario=5
    body:
      encoding: US-ASCII
      string: ''
    headers:
      Accept:
      - application/json
      User-Agent:
      - laa-fee-calculator-client/0.1.0
      Accept-Encoding:
      - gzip;q=1.0,deflate;q=0.6,identity;q=0.3
  response:
    status:
      code: 200
      message: OK
    headers:
      Date:
      - Tue, 19 Jun 2018 11:44:09 GMT
      Server:
      - WSGIServer/0.2 CPython/3.6.4
      Content-Type:
      - application/json
      Vary:
      - Accept, Cookie
      Allow:
      - GET
      X-Frame-Options:
      - SAMEORIGIN
      Content-Length:
      - '17'
    body:
      encoding: UTF-8
      string: '{"amount":3900.0}'
    http_version: 
  recorded_at: Tue, 19 Jun 2018 11:44:09 GMT
- request:
    method: get
    uri: http://localhost:8000/api/v1/fee-schemes/1/calculate/?advocate_type=JRALONE&day=31&fee_type_code=AGFS_APPEAL_CON&number_of_cases=1&number_of_defendants=1&offence_class=E&scenario=5
    body:
      encoding: US-ASCII
      string: ''
    headers:
      Accept:
      - application/json
      User-Agent:
      - laa-fee-calculator-client/0.1.0
      Accept-Encoding:
      - gzip;q=1.0,deflate;q=0.6,identity;q=0.3
  response:
    status:
      code: 200
      message: OK
    headers:
      Date:
      - Tue, 19 Jun 2018 11:44:09 GMT
      Server:
      - WSGIServer/0.2 CPython/3.6.4
      Content-Type:
      - application/json
      Vary:
      - Accept, Cookie
      Allow:
      - GET
      X-Frame-Options:
      - SAMEORIGIN
      Content-Length:
      - '17'
    body:
      encoding: UTF-8
      string: '{"amount":3900.0}'
    http_version: 
  recorded_at: Tue, 19 Jun 2018 11:44:09 GMT
- request:
    method: get
    uri: http://localhost:8000/api/v1/fee-schemes/1/calculate/?advocate_type=JRALONE&day=1&fee_type_code=AGFS_APPEAL_CON&number_of_cases=1&number_of_defendants=2&offence_class=E&scenario=5
    body:
      encoding: US-ASCII
      string: ''
    headers:
      Accept:
      - application/json
      User-Agent:
      - laa-fee-calculator-client/0.1.0
      Accept-Encoding:
      - gzip;q=1.0,deflate;q=0.6,identity;q=0.3
  response:
    status:
      code: 200
      message: OK
    headers:
      Date:
      - Tue, 19 Jun 2018 11:44:09 GMT
      Server:
      - WSGIServer/0.2 CPython/3.6.4
      Content-Type:
      - application/json
      Vary:
      - Accept, Cookie
      Allow:
      - GET
      X-Frame-Options:
      - SAMEORIGIN
      Content-Length:
      - '16'
    body:
      encoding: UTF-8
      string: '{"amount":156.0}'
    http_version: 
  recorded_at: Tue, 19 Jun 2018 11:44:09 GMT
- request:
    method: get
    uri: http://localhost:8000/api/v1/fee-schemes/1/calculate/?advocate_type=JRALONE&day=1&fee_type_code=AGFS_APPEAL_CON&number_of_cases=1&number_of_defendants=4&offence_class=E&scenario=5
    body:
      encoding: US-ASCII
      string: ''
    headers:
      Accept:
      - application/json
      User-Agent:
      - laa-fee-calculator-client/0.1.0
      Accept-Encoding:
      - gzip;q=1.0,deflate;q=0.6,identity;q=0.3
  response:
    status:
      code: 200
      message: OK
    headers:
      Date:
      - Tue, 19 Jun 2018 11:44:09 GMT
      Server:
      - WSGIServer/0.2 CPython/3.6.4
      Content-Type:
      - application/json
      Vary:
      - Accept, Cookie
      Allow:
      - GET
      X-Frame-Options:
      - SAMEORIGIN
      Content-Length:
      - '16'
    body:
      encoding: UTF-8
      string: '{"amount":208.0}'
    http_version: 
  recorded_at: Tue, 19 Jun 2018 11:44:09 GMT
- request:
    method: get
    uri: http://localhost:8000/api/v1/fee-schemes/1/calculate/?advocate_type=JRALONE&day=1&fee_type_code=AGFS_APPEAL_CON&number_of_cases=1&number_of_defendants=5&offence_class=E&scenario=5
    body:
      encoding: US-ASCII
      string: ''
    headers:
      Accept:
      - application/json
      User-Agent:
      - laa-fee-calculator-client/0.1.0
      Accept-Encoding:
      - gzip;q=1.0,deflate;q=0.6,identity;q=0.3
  response:
    status:
      code: 200
      message: OK
    headers:
      Date:
      - Tue, 19 Jun 2018 11:44:09 GMT
      Server:
      - WSGIServer/0.2 CPython/3.6.4
      Content-Type:
      - application/json
      Vary:
      - Accept, Cookie
      Allow:
      - GET
      X-Frame-Options:
      - SAMEORIGIN
      Content-Length:
      - '16'
    body:
      encoding: UTF-8
      string: '{"amount":247.0}'
    http_version: 
  recorded_at: Tue, 19 Jun 2018 11:44:09 GMT
- request:
    method: get
    uri: http://localhost:8000/api/v1/fee-schemes/1/calculate/?advocate_type=JRALONE&day=1&fee_type_code=AGFS_APPEAL_CON&number_of_cases=1&number_of_defendants=1000&offence_class=E&scenario=5
    body:
      encoding: US-ASCII
      string: ''
    headers:
      Accept:
      - application/json
      User-Agent:
      - laa-fee-calculator-client/0.1.0
      Accept-Encoding:
      - gzip;q=1.0,deflate;q=0.6,identity;q=0.3
  response:
    status:
      code: 200
      message: OK
    headers:
      Date:
      - Tue, 19 Jun 2018 11:44:10 GMT
      Server:
      - WSGIServer/0.2 CPython/3.6.4
      Content-Type:
      - application/json
      Vary:
      - Accept, Cookie
      Allow:
      - GET
      X-Frame-Options:
      - SAMEORIGIN
      Content-Length:
      - '18'
    body:
      encoding: UTF-8
      string: '{"amount":39052.0}'
    http_version: 
  recorded_at: Tue, 19 Jun 2018 11:44:10 GMT
recorded_with: VCR 4.0.0
